(node:2328) [MONGODB DRIVER] Warning: useNewUrlParser is a deprecated option: useNewUrlParser has no effect since Node.js Driver version 4.0.0 and will be removed in the next major version
(Use `node --trace-warnings ...` to show where the warning was created)
(node:2328) [MONGODB DRIVER] Warning: useUnifiedTopology is a deprecated option: useUnifiedTopology has no effect since Node.js Driver version 4.0.0 and will be removed in the next major version
port dinleniyor: 3000
MongoDB'ye bağlanıldı
Kullanıcı bağlandı: wv-vCtopfAL1CUwIAAAB
Bir kullanıcı ayrıldı
Kullanıcı bağlandı: qRN0g3Tlde9Ux_SEAAAD
Bir kullanıcı ayrıldı
Kullanıcı bağlandı: 9dxixkO5EaeimUFtAAAF
Veri bulunamadı.
prevResult: null
nextResult: null
Veri bulunamadı.
prevResult: null
nextResult: null
sessionUserName degeri: nasa
userId degeri: 6597ce8102d41c3318c84f1e
visitUser degeri: {
  _id: new ObjectId('6597ce8102d41c3318c84f1e'),
  username: 's',
  password: 's',
  profilePicture: 'image1.jpg',
  description: 'Yazılım Geliştiricisi',
  profileName: 'Serhat',
  isPrivate: true
}
messagesUser: {
  _id: new ObjectId('6597ce8102d41c3318c84f1e'),
  username: 's',
  password: 's',
  profilePicture: 'image1.jpg',
  description: 'Yazılım Geliştiricisi',
  profileName: 'Serhat',
  isPrivate: true
}
Bir kullanıcı ayrıldı
Kullanıcı bağlandı: Xu9IWGoqVsYWCQlIAAAH
Bir kullanıcı ayrıldı
Kullanıcı bağlandı: eoItO_SAoN33ncmwAAAJ
Bir kullanıcı ayrıldı
Kullanıcı bağlandı: 8HZuHvOnHgc3KBO_AAAL
Kullanıcı bağlandı: T-dJPOxJ85istNugAAAN
Bir kullanıcı ayrıldı
Kullanıcı bağlandı: _LgMxTgvRAEdWcE2AAAP
sessionUserName degeri: nasa
userId degeri: 6597ce8102d41c3318c84f1e
visitUser degeri: {
  _id: new ObjectId('6597ce8102d41c3318c84f1e'),
  username: 's',
  password: 's',
  profilePicture: 'image1.jpg',
  description: 'Yazılım Geliştiricisi',
  profileName: 'Serhat',
  isPrivate: true
}
messagesUser: {
  _id: new ObjectId('6597ce8102d41c3318c84f1e'),
  username: 's',
  password: 's',
  profilePicture: 'image1.jpg',
  description: 'Yazılım Geliştiricisi',
  profileName: 'Serhat',
  isPrivate: true
}
Veri bulunamadı.
prevResult: null
nextResult: null
Veri bulunamadı.
prevResult: null
nextResult: null
prevResult: null
nextResult: {
  _id: new ObjectId('65c627ca9d8b754ddd0a774a'),
  user_id: '659e7596f0a2b27c1c7651f4',
  username: 'transfermarket',
  profileName: 'market Value',
  storie: 'transfer6.jpg',
  profilePicture: 'transfer.jpg',
  isActive: '1',
  __v: 0
}
prevResult: null
nextResult: {
  _id: new ObjectId('65c627ca9d8b754ddd0a774a'),
  user_id: '659e7596f0a2b27c1c7651f4',
  username: 'transfermarket',
  profileName: 'market Value',
  storie: 'transfer6.jpg',
  profilePicture: 'transfer.jpg',
  isActive: '1',
  __v: 0
}
prevResult: {
  _id: new ObjectId('66cdab2ba2aa1a383d5a098f'),
  user_id: '65ae9b1abfa1b2de104b0ffd',
  username: 'cristiano',
  profileName: 'cristiano ronaldo',
  storie: 'walpaper.jpg',
  profilePicture: 'cristiano.jpg',
  isActive: '1',
  __v: 0
}
nextResult: {
  _id: new ObjectId('65c623969d8b754ddd0a72eb'),
  user_id: '659e754bf0a2b27c1c7651f3',
  username: 'bayern',
  profileName: 'panzer',
  storie: 'bayern3.jpg',
  profilePicture: 'bayern.png',
  isActive: '1',
  __v: 0
}
prevResult: {
  _id: new ObjectId('65c627ca9d8b754ddd0a774a'),
  user_id: '659e7596f0a2b27c1c7651f4',
  username: 'transfermarket',
  profileName: 'market Value',
  storie: 'transfer6.jpg',
  profilePicture: 'transfer.jpg',
  isActive: '1',
  __v: 0
}
nextResult: null
Bir kullanıcı ayrıldı
Kullanıcı bağlandı: f53ByXaPm7GEBcr2AAAR
Bir kullanıcı ayrıldı
Kullanıcı bağlandı: m05gYYn5yzvppfsRAAAT
Bir kullanıcı ayrıldı
Kullanıcı bağlandı: yMmhzxM3_lVyNwLaAAAV
(node:2328) MaxListenersExceededWarning: Possible EventEmitter memory leak detected. 11 change listeners added to [ChangeStream]. MaxListeners is 10. Use emitter.setMaxListeners() to increase limit
Bir kullanıcı ayrıldı
Kullanıcı bağlandı: bknc3Ej5IwOTKgYiAAAX
Bir kullanıcı ayrıldı
Kullanıcı bağlandı: QpoRL-VSISpladB9AAAZ
Bir kullanıcı ayrıldı
Kullanıcı bağlandı: qhedhMl2WGE0QOkYAAAb
Bir kullanıcı ayrıldı
Kullanıcı bağlandı: 6RaUPqmaQ90G24DMAAAd
Bir kullanıcı ayrıldı
Kullanıcı bağlandı: 48PDOTgMvfBtV54jAAAf
Bir kullanıcı ayrıldı
Kullanıcı bağlandı: OAjhrmcZl8-6N7qQAAAh
Bir kullanıcı ayrıldı
Kullanıcı bağlandı: cHyRo8jzWm7i0e_fAAAj
Bir kullanıcı ayrıldı
Bir kullanıcı ayrıldı
Kullanıcı bağlandı: kzfhkEkhyA2qmVNIAAAl
Kullanıcı bağlandı: Pg2HMAjxKagz9cgOAAAn
Bir kullanıcı ayrıldı
Kullanıcı bağlandı: P8H_Zds5sj4jHa9OAAAp
Bir kullanıcı ayrıldı
Kullanıcı bağlandı: HG1_h_mDNGN5-qZWAAAr
Bir kullanıcı ayrıldı
Kullanıcı bağlandı: vou8ZmuHypsrDYlmAAAt
Bir kullanıcı ayrıldı
Kullanıcı bağlandı: JF-iUovDje2I9n1RAAAv
Bir kullanıcı ayrıldı
Kullanıcı bağlandı: kk0LXBr9rBu7UnveAAAx
Bir kullanıcı ayrıldı
Kullanıcı bağlandı: UVUzfhr1sv3ncYMoAAAz
Bir kullanıcı ayrıldı
Kullanıcı bağlandı: XMebajH2qPXxZN9vAAA1
Bir kullanıcı ayrıldı
Kullanıcı bağlandı: IGWIGJWNFpKe55dJAAA3
Bir kullanıcı ayrıldı
Kullanıcı bağlandı: --b2cJKxPU9AamDUAAA5
Bir kullanıcı ayrıldı
Kullanıcı bağlandı: yV5RsyCUtPYbYGrnAAA7
Bir kullanıcı ayrıldı
Kullanıcı bağlandı: 9LA2o5tUT0OdXqkQAAA9
Bir kullanıcı ayrıldı
Kullanıcı bağlandı: RbcFG9K0vgZjfgF8AAA_
Bir kullanıcı ayrıldı
Kullanıcı bağlandı: 1ripMFy7jYv1W_XTAABB
sessionUserName degeri: nasa
userId degeri: 6597ce8102d41c3318c84f1e
visitUser degeri: {
  _id: new ObjectId('6597ce8102d41c3318c84f1e'),
  username: 's',
  password: 's',
  profilePicture: 'image1.jpg',
  description: 'Yazılım Geliştiricisi',
  profileName: 'Serhat',
  isPrivate: true
}
messagesUser: {
  _id: new ObjectId('6597ce8102d41c3318c84f1e'),
  username: 's',
  password: 's',
  profilePicture: 'image1.jpg',
  description: 'Yazılım Geliştiricisi',
  profileName: 'Serhat',
  isPrivate: true
}
Bir kullanıcı ayrıldı
Kullanıcı bağlandı: Me7hCNNclr7no745AABD
Bir kullanıcı ayrıldı
Kullanıcı bağlandı: F8JOvfpfXMtOL10lAABF
Veri bulunamadı.
prevResult: null
nextResult: null
Veri bulunamadı.
prevResult: null
nextResult: null
prevResult: null
nextResult: {
  _id: new ObjectId('65c629c09d8b754ddd0a7ad9'),
  user_id: '659aa6707f66c3799ad763f2',
  username: 'nasa',
  profileName: 'nasa',
  storie: 'moon.jpg',
  profilePicture: 'nasa.png',
  isActive: '1',
  __v: 0
}
prevResult: null
nextResult: {
  _id: new ObjectId('65c629c09d8b754ddd0a7ad9'),
  user_id: '659aa6707f66c3799ad763f2',
  username: 'nasa',
  profileName: 'nasa',
  storie: 'moon.jpg',
  profilePicture: 'nasa.png',
  isActive: '1',
  __v: 0
}
prevResult: null
nextResult: {
  _id: new ObjectId('65c629c09d8b754ddd0a7ad9'),
  user_id: '659aa6707f66c3799ad763f2',
  username: 'nasa',
  profileName: 'nasa',
  storie: 'moon.jpg',
  profilePicture: 'nasa.png',
  isActive: '1',
  __v: 0
}
prevResult: null
nextResult: {
  _id: new ObjectId('65c629c09d8b754ddd0a7ad9'),
  user_id: '659aa6707f66c3799ad763f2',
  username: 'nasa',
  profileName: 'nasa',
  storie: 'moon.jpg',
  profilePicture: 'nasa.png',
  isActive: '1',
  __v: 0
}
Bir kullanıcı ayrıldı
Kullanıcı bağlandı: 9xOnYqrGNFFeJLgMAABH
Bir kullanıcı ayrıldı
Kullanıcı bağlandı: QOBX0Q4sFxBbfJmRAABJ
Bir kullanıcı ayrıldı
Bir kullanıcı ayrıldı
Kullanıcı bağlandı: 5QPs4hIYKxEDx8KRAABL
Kullanıcı bağlandı: 7nPPRltktP-3t8I4AABN
Bir kullanıcı ayrıldı
Kullanıcı bağlandı: aIwRL5zTip7wJpksAABP
Bir kullanıcı ayrıldı
Kullanıcı bağlandı: LKeoZlNponNo2LEDAABR
Bir kullanıcı ayrıldı
Kullanıcı bağlandı: p5QAYxOIkYhpHOUNAABT
sessionUserName degeri: s
userId degeri: 659aa6707f66c3799ad763f2
visitUser degeri: {
  _id: new ObjectId('659aa6707f66c3799ad763f2'),
  username: 'nasa',
  password: '$2b$10$i5YS2aEED0vxcbY.QbU96eWgwf/4TF/SGVYOy2UKeg9auY0V/587q',
  profilePicture: 'nasa.png',
  description: 'NASA 🚀 🌎',
  profileName: 'nasa',
  isPrivate: false
}
messagesUser: {
  _id: new ObjectId('659aa6707f66c3799ad763f2'),
  username: 'nasa',
  password: '$2b$10$i5YS2aEED0vxcbY.QbU96eWgwf/4TF/SGVYOy2UKeg9auY0V/587q',
  profilePicture: 'nasa.png',
  description: 'NASA 🚀 🌎',
  profileName: 'nasa',
  isPrivate: false
}
sessionUserName degeri: s
userId degeri: 65ae9b1abfa1b2de104b0ffd
visitUser degeri: {
  _id: new ObjectId('65ae9b1abfa1b2de104b0ffd'),
  username: 'cristiano',
  password: 's',
  profilePicture: 'cristiano.jpg',
  description: 'cr7',
  profileName: 'cristiano ronaldo',
  isPrivate: false
}
messagesUser: {
  _id: new ObjectId('65ae9b1abfa1b2de104b0ffd'),
  username: 'cristiano',
  password: 's',
  profilePicture: 'cristiano.jpg',
  description: 'cr7',
  profileName: 'cristiano ronaldo',
  isPrivate: false
}
sessionUserName degeri: s
userId degeri: 65ae9a50bfa1b2de104b0ff9
visitUser degeri: {
  _id: new ObjectId('65ae9a50bfa1b2de104b0ff9'),
  username: 'messi',
  password: 's',
  profilePicture: 'messi.jpg',
  description: 'lionel messi',
  profileName: 'leomessi',
  isPrivate: false
}
messagesUser: {
  _id: new ObjectId('65ae9a50bfa1b2de104b0ff9'),
  username: 'messi',
  password: 's',
  profilePicture: 'messi.jpg',
  description: 'lionel messi',
  profileName: 'leomessi',
  isPrivate: false
}
